aaca 4M
aacca 1D4M
aacca 1M1D3M
aca 1M1I2M
aca 2M1I1M
acaa 4M
acaca 2M1D2M
acc 3M1I
acca 4M
accaa 3M1D1M
accc 4M
accca 1M1D3M
accca 2M1D2M
accca 3M1D1M
accg 4M
accga 3M1D1M
acct 4M
accta 3M1D1M
acga 4M
acgca 2M1D2M
acta 4M
actca 2M1D2M
agca 4M
agcca 1M1D3M
atca 4M
atcca 1M1D3M
cacca 1D4M
cca 1I3M
ccca 4M
gacca 1D4M
gcca 4M
tacca 1D4M
tcca 4M
